    9    6    6    b    c   26    7
Completion took 1 ms
